[orchestrator 22:07:08] lock acquired (pid 3181); full log: /Users/dmitrykubikov/workspace/elasticsearch/auto-fix/scheduler/logs/run-20260612T220708Z.log
[orchestrator 22:07:08] === step: discover (discover.sh) ===
[auto-fix 22:07:08] querying candidate pool in elastic/elasticsearch
[auto-fix 22:07:09] primary #150108: [CI] EsqlSpecForceStoredLoadingIT test {csv-spec:k8s-timeseries-promql.scalar_float_div_fraction} failing
[auto-fix 22:07:09] primary locus: <none>
[auto-fix 22:07:09] siblings: <none>
https://github.com/elastic/elasticsearch/issues/150108
[auto-fix 22:07:11] claimed primary #150108 for Kubik42
[auto-fix 22:07:11] output issue=150108
[auto-fix 22:07:11] output issue_json=/Users/dmitrykubikov/workspace/elasticsearch/auto-fix/run/issue.json
[auto-fix 22:07:11] output siblings=
[orchestrator 22:07:11] step discover exited 0
[orchestrator 22:07:11] claimed issue #150108
[orchestrator 22:07:11] === step: reproduce (reproduce.sh) ===
From github.com:elastic/elasticsearch
 * branch                      main       -> FETCH_HEAD
Reset branch 'auto-fix/working-base'
branch 'auto-fix/working-base' set up to track 'elasticsearch_main/main'.
Your branch is up to date with 'elasticsearch_main/main'.
[auto-fix 22:07:13] reset run worktree /Users/dmitrykubikov/workspace/elasticsearch-autofix-worktree to elasticsearch_main/main
[auto-fix 22:07:13] base SHA 83e6f8fe5e4f8f24b856c785f82237484fb0fe79
[auto-fix 22:07:13] output outcome=FAILURE
https://github.com/elastic/elasticsearch/issues/150108#issuecomment-4695816428
[auto-fix 22:07:14] step 2 outcome: FAILURE
[orchestrator 22:07:14] step reproduce exited 0
[orchestrator 22:07:14] reproduce outcome: FAILURE
[orchestrator 22:07:14] not reproduced; staying assigned for manual review; done
[orchestrator 22:07:14] lock released
